[defcon91172.com/index.html]
[backblue.gif]
[fade.gif]
[index.html]
[cdn.jsdelivr.net/npm/@mdi/font@3.0.39/css/materialdesignicons.min.css]
[defcon91172.com/icons/icon-48x48889d.png]
[defcon91172.com/manifest.webmanifest]
[defcon91172.com/icons/icon-72x72889d.png]
[defcon91172.com/icons/icon-96x96889d.png]
[defcon91172.com/icons/icon-144x144889d.png]
[defcon91172.com/icons/icon-192x192889d.png]
[defcon91172.com/icons/icon-256x256889d.png]
[defcon91172.com/icons/icon-384x384889d.png]
[defcon91172.com/webpack-runtime-9a47c2ee9d39a68986f4.js]
[defcon91172.com/icons/icon-512x512889d.png]
[defcon91172.com/app-e996037fd7d61aa7c3fa.js]
[defcon91172.com/component---src-pages-index-js-c55bb759305ceaffb648.js]
[defcon91172.com/static/d/140/path---index-6a9-0SUcWyAf8ecbYDsMhQkEfPzV8.json]
[defcon91172.com/about/index.html]
[defcon91172.com/team/index.html]
[defcon91172.com/cdn-cgi/l/email-protection.html]
[defcon91172.com/files/index.html]
[defcon91172.com/cdn-cgi/scripts/5c5dd728/cloudflare-static/email-decode.min.js]
[www.google-analytics.com/analytics.js]
[defcon91172.com/index.html]
[cdn.jsdelivr.net/npm/@mdi/font@3.0.39/css/materialdesignicons.min.css]
[defcon91172.com/component---src-pages-about-js-902812293fdf60308daf.js]
[defcon91172.com/about/index.html]
[defcon91172.com/static/d/708/path---about-f-34-4c2-0SUcWyAf8ecbYDsMhQkEfPzV8.json]
[defcon91172.com/static/favicon-7ca58303ba467940574b7bd0d3300151.png]
[defcon91172.com/component---src-pages-team-js-eb543d5c4e4242756dc7.js]
[defcon91172.com/static/d/857/path---team-a-07-82c-0SUcWyAf8ecbYDsMhQkEfPzV8.json]
[defcon91172.com/images/s.png]
[defcon91172.com/images/ritik.jpg]
[defcon91172.com/images/urmilla.jpg]
[defcon91172.com/images/raghav.jpg]
[defcon91172.com/images/kshitiz.jpg]
[defcon91172.com/images/mohit.png]
[defcon91172.com/images/deepak.jpg]
[defcon91172.com/team/index.html]
[defcon91172.com/images/jitesh.jpg]
[defcon91172.com/component---src-pages-files-js-2f511e493360c250ae65.js]
[defcon91172.com/files/index.html]
[defcon91172.com/cdn-cgi/l/email-protection.html]
[defcon91172.com/static/d/961/path---files-81-f-c1a-0SUcWyAf8ecbYDsMhQkEfPzV8.json]
